// Jest Snapshot v1, https://goo.gl/fbAQLP

exports[`Should render ExpenseListItem correctly 1`] = `
<div>
  <Link
    to="edit/1"
  >
    <h3>
      Gum
    </h3>
  </Link>
  <p>
    1.55
     - 
    0
  </p>
</div>
`;
