// Jest Snapshot v1, https://goo.gl/fbAQLP

exports[`Should render ExpenseList list with empty expenses message 1`] = `
<div>
  <p>
     Nothing here
  </p>
</div>
`;

exports[`Should render ExpenseList list with expenses 1`] = `
<div>
  <ExpenseListItem
    amount={1.55}
    createdAt={0}
    description="Gum"
    id={1}
    key="1"
    note=""
  />
  <ExpenseListItem
    amount={109500}
    createdAt={-345600000}
    description="Rent"
    id={2}
    key="2"
    note=""
  />
  <ExpenseListItem
    amount={4500}
    createdAt={345600000}
    description="Credit Card"
    id={3}
    key="3"
    note=""
  />
</div>
`;
