// Jest Snapshot v1, https://goo.gl/fbAQLP

exports[`Should render NotFoundPage Correctly 1`] = `
<div>
  404! 
  <Link
    to="/"
  >
    Go home
  </Link>
</div>
`;
